file_put_contents(
    __DIR__ . '/cron.log',
    date('Y-m-d H:i:s') . " - Cron executed\n",
    FILE_APPEND
);
[2026-03-24 06:13:54] Iniciando regeneración de sitemap-eventos-i18n.xml
ERROR BD: SQLSTATE[42S22]: Column not found: 1054 Unknown column 't.updated_at' in 'SELECT'
---
[2026-03-24 06:18:05] Iniciando regeneración de sitemap-eventos-i18n.xml
Traducciones encontradas: 66
OK: Archivo generado (34261 bytes) en /home/u412199647/domains/rutasrurales.io/public_html/sitemap-eventos-i18n.xml
OK: Actualizado lastmod en sitemap.xml
---
[2026-03-24 08:14:29] Iniciando regeneración de sitemap-eventos-i18n.xml
Traducciones encontradas: 69
OK: Archivo generado (35722 bytes) en /home/u412199647/domains/rutasrurales.io/public_html/sitemap-eventos-i18n.xml
OK: Actualizado lastmod en sitemap.xml
---
[2026-03-24 08:48:40] Iniciando regeneración de sitemap-eventos-i18n.xml
Traducciones encontradas: 69
OK: Archivo generado (35722 bytes) en /home/u412199647/domains/rutasrurales.io/public_html/sitemap-eventos-i18n.xml
OK: Actualizado lastmod en sitemap.xml
---
[2026-03-24 08:49:28] Iniciando regeneración de sitemap-eventos-i18n.xml
Traducciones encontradas: 69
OK: Archivo generado (35722 bytes) en /home/u412199647/domains/rutasrurales.io/public_html/sitemap-eventos-i18n.xml
OK: Actualizado lastmod en sitemap.xml
---
[2026-03-24 08:59:10] Iniciando regeneración de sitemap-eventos-i18n.xml
Traducciones encontradas: 69
OK: Archivo generado (35722 bytes) en /home/u412199647/domains/rutasrurales.io/public_html/sitemap-eventos-i18n.xml
OK: Actualizado lastmod en sitemap.xml
---
[2026-03-24 09:37:33] Iniciando regeneración de sitemap-eventos-i18n.xml
Traducciones encontradas: 69
OK: Archivo generado (35722 bytes) en /home/u412199647/domains/rutasrurales.io/public_html/sitemap-eventos-i18n.xml
OK: Actualizado lastmod en sitemap.xml
---
[2026-03-24 09:39:17] Iniciando regeneración de sitemap-eventos-i18n.xml
Traducciones encontradas: 69
OK: Archivo generado (35722 bytes) en /home/u412199647/domains/rutasrurales.io/public_html/sitemap-eventos-i18n.xml
OK: Actualizado lastmod en sitemap.xml
---
[2026-03-24 09:42:03] Iniciando regeneración de sitemap-eventos-i18n.xml
Traducciones encontradas: 69
OK: Archivo generado (35722 bytes) en /home/u412199647/domains/rutasrurales.io/public_html/sitemap-eventos-i18n.xml
OK: Actualizado lastmod en sitemap.xml
---
[2026-03-24 09:44:21] Iniciando regeneración de sitemap-eventos-i18n.xml
Traducciones encontradas: 69
OK: Archivo generado (35722 bytes) en /home/u412199647/domains/rutasrurales.io/public_html/sitemap-eventos-i18n.xml
OK: Actualizado lastmod en sitemap.xml
---
[2026-03-24 09:48:36] Iniciando regeneración de sitemap-eventos-i18n.xml
Traducciones encontradas: 69
OK: Archivo generado (35722 bytes) en /home/u412199647/domains/rutasrurales.io/public_html/sitemap-eventos-i18n.xml
OK: Actualizado lastmod en sitemap.xml
---
[2026-03-24 09:53:00] Iniciando regeneración de sitemap-eventos-i18n.xml
Traducciones encontradas: 69
OK: Archivo generado (35722 bytes) en /home/u412199647/domains/rutasrurales.io/public_html/sitemap-eventos-i18n.xml
OK: Actualizado lastmod en sitemap.xml
---
[2026-03-24 09:53:38] Iniciando regeneración de sitemap-eventos-i18n.xml
Traducciones encontradas: 69
OK: Archivo generado (35722 bytes) en /home/u412199647/domains/rutasrurales.io/public_html/sitemap-eventos-i18n.xml
OK: Actualizado lastmod en sitemap.xml
---
[2026-03-24 09:54:15] Iniciando regeneración de sitemap-eventos-i18n.xml
Traducciones encontradas: 69
OK: Archivo generado (35722 bytes) en /home/u412199647/domains/rutasrurales.io/public_html/sitemap-eventos-i18n.xml
OK: Actualizado lastmod en sitemap.xml
---
[2026-03-24 09:54:50] Iniciando regeneración de sitemap-eventos-i18n.xml
Traducciones encontradas: 69
OK: Archivo generado (35722 bytes) en /home/u412199647/domains/rutasrurales.io/public_html/sitemap-eventos-i18n.xml
OK: Actualizado lastmod en sitemap.xml
---
[2026-03-25 06:12:32] Iniciando regeneración de sitemap-eventos-i18n.xml
Traducciones encontradas: 77
OK: Archivo generado (41692 bytes) en /home/u412199647/domains/rutasrurales.io/public_html/sitemap-eventos-i18n.xml
OK: Actualizado lastmod en sitemap.xml
---
[2026-03-25 15:38:31] Iniciando regeneración de sitemap-eventos-i18n.xml
Traducciones encontradas: 13
OK: Archivo generado (7954 bytes) en /home/u412199647/domains/rutasrurales.io/public_html/sitemap-eventos-i18n.xml
OK: Actualizado lastmod en sitemap.xml
---
[2026-03-26 09:16:59] Iniciando regeneración de sitemap-eventos-i18n.xml
Traducciones encontradas: 13
OK: Archivo generado (7954 bytes) en /home/u412199647/domains/rutasrurales.io/public_html/sitemap-eventos-i18n.xml
OK: Actualizado lastmod en sitemap.xml
---
[2026-03-26 09:38:22] Iniciando regeneración de sitemap-eventos-i18n.xml
Traducciones encontradas: 22
OK: Archivo generado (12805 bytes) en /home/u412199647/domains/rutasrurales.io/public_html/sitemap-eventos-i18n.xml
OK: Actualizado lastmod en sitemap.xml
---
[2026-03-26 09:54:48] Iniciando regeneración de sitemap-eventos-i18n.xml
Traducciones encontradas: 28
OK: Archivo generado (15940 bytes) en /home/u412199647/domains/rutasrurales.io/public_html/sitemap-eventos-i18n.xml
OK: Actualizado lastmod en sitemap.xml
---
